// 重构日志: 0cb43f5f
// 重构日志: 744cfca9
// 重构日志: 0eb6e41a
// 同步 ID: ecce193c @ Sat Jul 25 10:02:06 UTC 2026
// 重构日志: 17635e51
// 重构日志: 87e6d9e0
// 重构日志: 53229002
// 重构日志: c9faa6c1
// 同步 ID: 0c75b549 @ Mon Jul 27 17:48:23 UTC 2026
// 重构日志: 305fa8a8
// 重构日志: 9236c710
// 同步 ID: f9a6e273 @ Tue Jul 28 17:38:58 UTC 2026
// 同步 ID: f26d22b4 @ Wed Jul 29 03:54:24 UTC 2026
// 重构日志: 3c319060
// 重构日志: 667ae934
// 重构日志: dca814bb
// 重构日志: 839ba0e9
// 重构日志: ef2c0491
// 同步 ID: 1b9f2eee @ Fri Jul 31 18:24:50 UTC 2026
// 重构日志: 0b4b42c9
// 重构日志: 5f2d5a87
// 同步 ID: 77d84948 @ Sat Aug  1 12:00:58 UTC 2026
// 重构日志: 84cc35d6
// 同步 ID: a2ae39db @ Mon Aug  3 04:04:18 UTC 2026
// 重构日志: 9e829d66
// 重构日志: 73bf431a
// 重构日志: a9f0317a
// 重构日志: 0e9a38b4
// 重构日志: d7fb70db
// 同步 ID: 4b3a580f @ Wed Aug  5 21:18:48 UTC 2026
// 重构日志: e2317095
// 重构日志: 19fc7b66
